[    0.000000] Linux version 4.15.0-212-generic (buildd@lcy02-amd64-083) (gcc version 7.5.0 (Ubuntu 7.5.0-3ubuntu1~18.04)) #223-Ubuntu SMP Tue May 23 13:09:22 UTC 2023 (Ubuntu 4.15.0-212.223-generic 4.15.18)
[    0.000000] Command line: BOOT_IMAGE=/boot/vmlinuz-4.15.0-212-generic root=LABEL=cloudimg-rootfs ro console=tty1 console=ttyS0
[    0.000000] KERNEL supported cpus:
[    0.000000]   Intel GenuineIntel
[    0.000000]   AMD AuthenticAMD
[    0.000000]   Centaur CentaurHauls
[    0.000000] x86/fpu: x87 FPU will use FXSAVE
[    0.000000] e820: BIOS-provided physical RAM map:
[    0.000000] BIOS-e820: [mem 0x0000000000000000-0x000000000009fbff] usable
[    0.000000] BIOS-e820: [mem 0x000000000009fc00-0x000000000009ffff] reserved
[    0.000000] BIOS-e820: [mem 0x00000000000f0000-0x00000000000fffff] reserved
[    0.000000] BIOS-e820: [mem 0x0000000000100000-0x000000003ffeffff] usable
[    0.000000] BIOS-e820: [mem 0x000000003fff0000-0x000000003fffffff] ACPI data
[    0.000000] BIOS-e820: [mem 0x00000000fec00000-0x00000000fec00fff] reserved
[    0.000000] BIOS-e820: [mem 0x00000000fee00000-0x00000000fee00fff] reserved
[    0.000000] BIOS-e820: [mem 0x00000000fffc0000-0x00000000ffffffff] reserved
[    0.000000] NX (Execute Disable) protection: active
[    0.000000] SMBIOS 2.5 present.
[    0.000000] DMI: innotek GmbH VirtualBox/VirtualBox, BIOS VirtualBox 12/01/2006
[    0.000000] Hypervisor detected: KVM
[    0.000000] e820: last_pfn = 0x3fff0 max_arch_pfn = 0x400000000
[    0.000000] MTRR: Disabled
[    0.000000] x86/PAT: MTRRs disabled, skipping PAT initialization too.
[    0.000000] CPU MTRRs all blank - virtualized system.
[    0.000000] x86/PAT: Configuration [0-7]: WB  WT  UC- UC  WB  WT  UC- UC  
[    0.000000] found SMP MP-table at [mem 0x0009fff0-0x0009ffff]
[    0.000000] Scanning 1 areas for low memory corruption
[    0.000000] RAMDISK: [mem 0x359cb000-0x36cdcfff]
[    0.000000] ACPI: Early table checksum verification disabled
[    0.000000] ACPI: RSDP 0x00000000000E0000 000024 (v02 VBOX  )
[    0.000000] ACPI: XSDT 0x000000003FFF0030 00003C (v01 VBOX   VBOXXSDT 00000001 ASL  00000061)
[    0.000000] ACPI: FACP 0x000000003FFF00F0 0000F4 (v04 VBOX   VBOXFACP 00000001 ASL  00000061)
[    0.000000] ACPI: DSDT 0x000000003FFF0610 002353 (v02 VBOX   VBOXBIOS 00000002 INTL 20100528)
[    0.000000] ACPI: FACS 0x000000003FFF0200 000040
[    0.000000] ACPI: FACS 0x000000003FFF0200 000040
[    0.000000] ACPI: APIC 0x000000003FFF0240 00005C (v02 VBOX   VBOXAPIC 00000001 ASL  00000061)
[    0.000000] ACPI: SSDT 0x000000003FFF02A0 00036C (v01 VBOX   VBOXCPUT 00000002 INTL 20100528)
[    0.000000] ACPI: Reserving FACP table memory at [mem 0x3fff00f0-0x3fff01e3]
[    0.000000] ACPI: Reserving DSDT table memory at [mem 0x3fff0610-0x3fff2962]
[    0.000000] ACPI: Reserving FACS table memory at [mem 0x3fff0200-0x3fff023f]
[    0.000000] ACPI: Reserving FACS table memory at [mem 0x3fff0200-0x3fff023f]
[    0.000000] ACPI: Reserving APIC table memory at [mem 0x3fff0240-0x3fff029b]
[    0.000000] ACPI: Reserving SSDT table memory at [mem 0x3fff02a0-0x3fff060b]
[    0.000000] No NUMA configuration found
[    0.000000] Faking a node at [mem 0x0000000000000000-0x000000003ffeffff]
[    0.000000] NODE_DATA(0) allocated [mem 0x3ffc5000-0x3ffeffff]
[    0.000000] kvm-clock: cpu 0, msr 0:3ff44001, primary cpu clock
[    0.000000] kvm-clock: Using msrs 4b564d01 and 4b564d00
[    0.000000] kvm-clock: using sched offset of 3609377513 cycles
[    0.000000] clocksource: kvm-clock: mask: 0xffffffffffffffff max_cycles: 0x1cd42e4dffb, max_idle_ns: 881590591483 ns
[    0.000000] Zone ranges:
[    0.000000]   DMA      [mem 0x0000000000001000-0x0000000000ffffff]
[    0.000000]   DMA32    [mem 0x0000000001000000-0x000000003ffeffff]
[    0.000000]   Normal   empty
[    0.000000]   Device   empty
[    0.000000] Movable zone start for each node
[    0.000000] Early memory node ranges
[    0.000000]   node   0: [mem 0x0000000000001000-0x000000000009efff]
[    0.000000]   node   0: [mem 0x0000000000100000-0x000000003ffeffff]
[    0.000000] Reserved but unavailable: 104 pages
[    0.000000] Initmem setup node 0 [mem 0x0000000000001000-0x000000003ffeffff]
[    0.000000] ACPI: PM-Timer IO Port: 0x4008
[    0.000000] IOAPIC[0]: apic_id 2, version 32, address 0xfec00000, GSI 0-23
[    0.000000] ACPI: INT_SRC_OVR (bus 0 bus_irq 0 global_irq 2 dfl dfl)
[    0.000000] ACPI: INT_SRC_OVR (bus 0 bus_irq 9 global_irq 9 low level)
[    0.000000] Using ACPI (MADT) for SMP configuration information
[    0.000000] smpboot: Allowing 2 CPUs, 0 hotplug CPUs
[    0.000000] PM: Registered nosave memory: [mem 0x00000000-0x00000fff]
[    0.000000] PM: Registered nosave memory: [mem 0x0009f000-0x0009ffff]
[    0.000000] PM: Registered nosave memory: [mem 0x000a0000-0x000effff]
[    0.000000] PM: Registered nosave memory: [mem 0x000f0000-0x000fffff]
[    0.000000] e820: [mem 0x40000000-0xfebfffff] available for PCI devices
[    0.000000] Booting paravirtualized kernel on KVM
[    0.000000] clocksource: refined-jiffies: mask: 0xffffffff max_cycles: 0xffffffff, max_idle_ns: 7645519600211568 ns
[    0.000000] setup_percpu: NR_CPUS:8192 nr_cpumask_bits:2 nr_cpu_ids:2 nr_node_ids:1
[    0.000000] percpu: Embedded 50 pages/cpu s167936 r8192 d28672 u1048576
[    0.000000] PV qspinlock hash table entries: 256 (order: 0, 4096 bytes)
[    0.000000] Built 1 zonelists, mobility grouping on.  Total pages: 257913
[    0.000000] Policy zone: DMA32
[    0.000000] Kernel command line: BOOT_IMAGE=/boot/vmlinuz-4.15.0-212-generic root=LABEL=cloudimg-rootfs ro console=tty1 console=ttyS0
[    0.000000] Memory: 982644K/1048120K available (12300K kernel code, 2477K rwdata, 4324K rodata, 2480K init, 2720K bss, 65476K reserved, 0K cma-reserved)
[    0.000000] SLUB: HWalign=64, Order=0-3, MinObjects=0, CPUs=2, Nodes=1
[    0.000000] ftrace: allocating 39508 entries in 155 pages
[    0.004000] Hierarchical RCU implementation.
[    0.004000] 	RCU restricting CPUs from NR_CPUS=8192 to nr_cpu_ids=2.
[    0.004000] 	Tasks RCU enabled.
[    0.004000] RCU: Adjusting geometry for rcu_fanout_leaf=16, nr_cpu_ids=2
[    0.004000] NR_IRQS: 524544, nr_irqs: 440, preallocated irqs: 16
[    0.004000] random: crng init done
[    0.004000] Console: colour VGA+ 80x25
[    0.004000] console [tty1] enabled
[    0.004000] console [ttyS0] enabled
[    0.004000] ACPI: Core revision 20170831
[    0.004000] ACPI: 2 ACPI AML tables successfully acquired and loaded
[    0.004000] APIC: Switch to symmetric I/O mode setup
[    0.004000] ..TIMER: vector=0x30 apic1=0 pin1=2 apic2=-1 pin2=-1
[    0.004000] tsc: Detected 2419.200 MHz processor
[    0.004000] Calibrating delay loop (skipped) preset value.. 4838.40 BogoMIPS (lpj=9676800)
[    0.004000] pid_max: default: 32768 minimum: 301
[    0.004000] Security Framework initialized
[    0.004000] Yama: becoming mindful.
[    0.004071] AppArmor: AppArmor initialized
[    0.011014] Dentry cache hash table entries: 131072 (order: 8, 1048576 bytes)
[    0.013502] Inode-cache hash table entries: 65536 (order: 7, 524288 bytes)
[    0.016057] Mount-cache hash table entries: 2048 (order: 2, 16384 bytes)
[    0.020057] Mountpoint-cache hash table entries: 2048 (order: 2, 16384 bytes)
[    0.025662] Last level iTLB entries: 4KB 0, 2MB 0, 4MB 0
[    0.028002] Last level dTLB entries: 4KB 0, 2MB 0, 4MB 0, 1GB 0
[    0.032003] Spectre V1 : Mitigation: usercopy/swapgs barriers and __user pointer sanitization
[    0.036003] Spectre V2 : Mitigation: Enhanced IBRS
[    0.040002] Spectre V2 : Spectre v2 / SpectreRSB mitigation: Filling RSB on context switch
[    0.044002] Spectre V2 : Spectre v2 / PBRSB-eIBRS: Retire a single CALL on VMEXIT
[    0.048002] RETBleed: Mitigation: Enhanced IBRS
[    0.052002] Speculative Store Bypass: Vulnerable
[    0.056149] Freeing SMP alternatives memory: 36K
[    0.189200] APIC calibration not consistent with PM-Timer: 109ms instead of 100ms
[    0.192000] APIC delta adjusted to PM-Timer: 6405272 (7026503)
[    0.192368] smpboot: CPU0: 11th Gen Intel(R) Core(TM) i5-1135G7 @ 2.40GHz (family: 0x6, model: 0x8c, stepping: 0x1)
[    0.196000] Performance Events: unsupported p6 CPU model 140 no PMU driver, software events only.
[    0.196000] Hierarchical SRCU implementation.
[    0.196000] NMI watchdog: Perf event create on CPU 0 failed with -2
[    0.196000] NMI watchdog: Perf NMI watchdog permanently disabled
[    0.196000] smp: Bringing up secondary CPUs ...
[    0.196000] x86: Booting SMP configuration:
[    0.196000] .... node  #0, CPUs:      #1
[    0.004000] kvm-clock: cpu 1, msr 0:3ff44041, secondary cpu clock
[    0.208000] TSC synchronization [CPU#0 -> CPU#1]:
[    0.208000] Measured 81109 cycles TSC warp between CPUs, turning off TSC clock.
[    0.208000] tsc: Marking TSC unstable due to check_tsc_sync_source failed
[    0.212199] smp: Brought up 1 node, 2 CPUs
[    0.214643] smpboot: Max logical packages: 1
[    0.216005] smpboot: Total of 2 processors activated (9676.80 BogoMIPS)
[    0.224003] devtmpfs: initialized
[    0.226271] x86/mm: Memory block size: 128MB
[    0.228283] evm: security.selinux
[    0.230400] evm: security.SMACK64
[    0.232002] evm: security.SMACK64EXEC
[    0.234293] evm: security.SMACK64TRANSMUTE
[    0.236002] evm: security.SMACK64MMAP
[    0.240002] evm: security.apparmor
[    0.242212] evm: security.ima
[    0.244001] evm: security.capability
[    0.248379] clocksource: jiffies: mask: 0xffffffff max_cycles: 0xffffffff, max_idle_ns: 7645041785100000 ns
[    0.252011] futex hash table entries: 512 (order: 3, 32768 bytes)
[    0.256202] pinctrl core: initialized pinctrl subsystem
[    0.260419] RTC time:  0:07:22, date: 04/27/24
[    0.264937] NET: Registered protocol family 16
[    0.268089] audit: initializing netlink subsys (disabled)
[    0.272143] audit: type=2000 audit(1714176446.562:1): state=initialized audit_enabled=0 res=1
[    0.280005] cpuidle: using governor ladder
[    0.284006] cpuidle: using governor menu
[    0.286536] ACPI: bus type PCI registered
[    0.288003] acpiphp: ACPI Hot Plug PCI Controller Driver version: 0.5
[    0.292437] PCI: Using configuration type 1 for base access
[    0.300288] HugeTLB registered 2.00 MiB page size, pre-allocated 0 pages
[    0.308485] ACPI: Added _OSI(Module Device)
[    0.312008] ACPI: Added _OSI(Processor Device)
[    0.316002] ACPI: Added _OSI(3.0 _SCP Extensions)
[    0.318921] ACPI: Added _OSI(Processor Aggregator Device)
[    0.320004] ACPI: Added _OSI(Linux-Dell-Video)
[    0.324002] ACPI: Added _OSI(Linux-Lenovo-NV-HDMI-Audio)
[    0.328002] ACPI: Added _OSI(Linux-HPI-Hybrid-Graphics)
[    0.332658] ACPI: Executed 1 blocks of module-level executable AML code
[    0.341613] ACPI: Interpreter enabled
[    0.344014] ACPI: (supports S0 S5)
[    0.346199] ACPI: Using IOAPIC for interrupt routing
[    0.348282] PCI: Using host bridge windows from ACPI; if necessary, use "pci=nocrs" and report a bug
[    0.352184] ACPI: Enabled 2 GPEs in block 00 to 07
[    0.366881] ACPI: PCI Root Bridge [PCI0] (domain 0000 [bus 00-ff])
[    0.368007] acpi PNP0A03:00: _OSC: OS supports [ASPM ClockPM Segments MSI]
[    0.376281] acpi PNP0A03:00: _OSC: not requesting OS control; OS requires [ExtendedConfig ASPM ClockPM MSI]
[    0.380010] acpi PNP0A03:00: fail to add MMCONFIG information, can't access extended PCI configuration space under this bridge.
[    0.384568] PCI host bridge to bus 0000:00
[    0.388003] pci_bus 0000:00: root bus resource [io  0x0000-0x0cf7 window]
[    0.392010] pci_bus 0000:00: root bus resource [io  0x0d00-0xffff window]
[    0.396008] pci_bus 0000:00: root bus resource [mem 0x000a0000-0x000bffff window]
[    0.400007] pci_bus 0000:00: root bus resource [mem 0x40000000-0xfdffffff window]
[    0.404004] pci_bus 0000:00: root bus resource [bus 00-ff]
[    0.415061] pci 0000:00:01.1: legacy IDE quirk: reg 0x10: [io  0x01f0-0x01f7]
[    0.416003] pci 0000:00:01.1: legacy IDE quirk: reg 0x14: [io  0x03f6]
[    0.420003] pci 0000:00:01.1: legacy IDE quirk: reg 0x18: [io  0x0170-0x0177]
[    0.424004] pci 0000:00:01.1: legacy IDE quirk: reg 0x1c: [io  0x0376]
[    0.447309] pci 0000:00:07.0: quirk: [io  0x4000-0x403f] claimed by PIIX4 ACPI
[    0.448027] pci 0000:00:07.0: quirk: [io  0x4100-0x410f] claimed by PIIX4 SMB
[    0.462125] ACPI: PCI Interrupt Link [LNKA] (IRQs 5 9 10 *11)
[    0.464392] ACPI: PCI Interrupt Link [LNKB] (IRQs 5 9 *10 11)
[    0.468160] ACPI: PCI Interrupt Link [LNKC] (IRQs 5 *9 10 11)
[    0.472163] ACPI: PCI Interrupt Link [LNKD] (IRQs 5 9 10 *11)
[    0.476626] SCSI subsystem initialized
[    0.480111] pci 0000:00:02.0: vgaarb: setting as boot VGA device
[    0.483991] pci 0000:00:02.0: vgaarb: VGA device added: decodes=io+mem,owns=io+mem,locks=none
[    0.484005] pci 0000:00:02.0: vgaarb: bridge control possible
[    0.488002] vgaarb: loaded
[    0.489845] ACPI: bus type USB registered
[    0.492016] usbcore: registered new interface driver usbfs
[    0.496027] usbcore: registered new interface driver hub
[    0.500010] usbcore: registered new device driver usb
[    0.504190] EDAC MC: Ver: 3.0.0
[    0.508557] PCI: Using ACPI for IRQ routing
[    0.512630] NetLabel: Initializing
[    0.514808] NetLabel:  domain hash size = 128
[    0.516001] NetLabel:  protocols = UNLABELED CIPSOv4 CALIPSO
[    0.520026] NetLabel:  unlabeled traffic allowed by default
[    0.524220] clocksource: Switched to clocksource kvm-clock
[    0.542764] VFS: Disk quotas dquot_6.6.0
[    0.542764] VFS: Dquot-cache hash table entries: 512 (order 0, 4096 bytes)
[    0.542764] AppArmor: AppArmor Filesystem Enabled
[    0.542764] pnp: PnP ACPI init
[    0.542764] pnp: PnP ACPI: found 3 devices
[    0.607863] clocksource: acpi_pm: mask: 0xffffff max_cycles: 0xffffff, max_idle_ns: 2085701024 ns
[    0.608220] NET: Registered protocol family 2
[    0.608220] IP idents hash table entries: 16384 (order: 5, 131072 bytes)
[    0.622614] TCP established hash table entries: 8192 (order: 4, 65536 bytes)
[    0.627472] TCP bind hash table entries: 8192 (order: 5, 131072 bytes)
[    0.632007] TCP: Hash tables configured (established 8192 bind 8192)
[    0.635631] UDP hash table entries: 512 (order: 2, 16384 bytes)
[    0.635631] UDP-Lite hash table entries: 512 (order: 2, 16384 bytes)
[    0.635631] NET: Registered protocol family 1
[    0.635631] pci 0000:00:00.0: Limiting direct PCI/PCI transfers
[    0.635631] pci 0000:00:01.0: Activating ISA DMA hang workarounds
[    0.635631] pci 0000:00:02.0: Video device with shadowed ROM at [mem 0x000c0000-0x000dffff]
[    0.635631] Unpacking initramfs...
[    1.020099] Freeing initrd memory: 19528K
[    1.025584] clocksource: tsc: mask: 0xffffffffffffffff max_cycles: 0x22df1149949, max_idle_ns: 440795312789 ns
[    1.032486] platform rtc_cmos: registered platform RTC device (no PNP device found)
[    1.039846] Scanning for low memory corruption every 60 seconds
[    1.045404] Initialise system trusted keyrings
[    1.048375] Key type blacklist registered
[    1.051749] workingset: timestamp_bits=36 max_order=18 bucket_order=0
[    1.058076] zbud: loaded
[    1.060774] squashfs: version 4.0 (2009/01/31) Phillip Lougher
[    1.065910] fuse init (API version 7.26)
[    1.085436] Key type asymmetric registered
[    1.088849] Asymmetric key parser 'x509' registered
[    1.091951] Block layer SCSI generic (bsg) driver version 0.4 loaded (major 246)
[    1.097334] io scheduler noop registered
[    1.100664] io scheduler deadline registered
[    1.103410] io scheduler cfq registered (default)
[    1.106982] ACPI: AC Adapter [AC] (on-line)
[    1.109880] input: Power Button as /devices/LNXSYSTM:00/LNXPWRBN:00/input/input0
[    1.114914] ACPI: Power Button [PWRF]
[    1.117800] input: Sleep Button as /devices/LNXSYSTM:00/LNXSLPBN:00/input/input1
[    1.122829] ACPI: Sleep Button [SLPF]
[    1.126952] ACPI: Battery Slot [BAT0] (battery present)
[    1.128437] Serial: 8250/16550 driver, 32 ports, IRQ sharing enabled
[    1.163449] 00:02: ttyS0 at I/O 0x3f8 (irq = 4, base_baud = 115200) is a 16550A
[    1.173745] Linux agpgart interface v0.103
[    1.182594] loop: module loaded
[    1.189379] scsi host0: ata_piix
[    1.193143] scsi host1: ata_piix
[    1.195752] ata1: PATA max UDMA/33 cmd 0x1f0 ctl 0x3f6 bmdma 0xd000 irq 14
[    1.200738] ata2: PATA max UDMA/33 cmd 0x170 ctl 0x376 bmdma 0xd008 irq 15
[    1.206326] tun: Universal TUN/TAP device driver, 1.6
[    1.210589] PPP generic driver version 2.4.2
[    1.215064] ehci_hcd: USB 2.0 'Enhanced' Host Controller (EHCI) Driver
[    1.220570] ehci-pci: EHCI PCI platform driver
[    1.223820] ehci-platform: EHCI generic platform driver
[    1.227935] ohci_hcd: USB 1.1 'Open' Host Controller (OHCI) Driver
[    1.232794] ohci-pci: OHCI PCI platform driver
[    1.236921] ohci-platform: OHCI generic platform driver
[    1.240811] uhci_hcd: USB Universal Host Controller Interface driver
[    1.245505] i8042: PNP: PS/2 Controller [PNP0303:PS2K,PNP0f03:PS2M] at 0x60,0x64 irq 1,12
[    1.253726] serio: i8042 KBD port at 0x60,0x64 irq 1
[    1.257259] serio: i8042 AUX port at 0x60,0x64 irq 12
[    1.261071] mousedev: PS/2 mouse device common for all mice
[    1.266133] input: AT Translated Set 2 keyboard as /devices/platform/i8042/serio0/input/input2
[    1.273068] rtc_cmos rtc_cmos: rtc core: registered rtc_cmos as rtc0
[    1.277922] rtc_cmos rtc_cmos: alarms up to one day, 114 bytes nvram
[    1.282405] i2c /dev entries driver
[    1.285662] device-mapper: uevent: version 1.0.3
[    1.289177] device-mapper: ioctl: 4.37.0-ioctl (2017-09-20) initialised: dm-devel@redhat.com
[    1.295009] ledtrig-cpu: registered to indicate activity on CPUs
[    1.300644] NET: Registered protocol family 10
[    1.313874] Segment Routing with IPv6
[    1.317469] NET: Registered protocol family 17
[    1.321591] Key type dns_resolver registered
[    1.325099] mce: Using 0 MCE banks
[    1.327565] RAS: Correctable Errors collector initialized.
[    1.331611] sched_clock: Marking stable (1331527582, 0)->(1849912016, -518384434)
[    1.339308] registered taskstats version 1
[    1.342423] Loading compiled-in X.509 certificates
[    1.349607] Loaded X.509 cert 'Build time autogenerated kernel key: b5b26778eaa3ab3a4a6cee031137706e947d12ad'
[    1.356440] Loaded X.509 cert 'Canonical Ltd. Live Patch Signing: 14df34d1a87cf37625abec039ef2bf521249b969'
[    1.363148] Loaded X.509 cert 'Canonical Ltd. Kernel Module Signing: 88f752e560a1e0737e31163a466ad7b70a850c19'
[    1.369754] blacklist: Loading compiled-in revocation X.509 certificates
[    1.395860] Loaded X.509 cert 'Canonical Ltd. Secure Boot Signing: 61482aa2830d0ab2ad5af10b7250da9033ddcef0'
[    1.404105] Loaded X.509 cert 'Canonical Ltd. Secure Boot Signing (2017): 242ade75ac4a15e50d50c84b0d45ff3eae707a03'
[    1.412049] Loaded X.509 cert 'Canonical Ltd. Secure Boot Signing (ESM 2018): 365188c1d374d6b07c3c8f240f8ef722433d6a8b'
[    1.419908] Loaded X.509 cert 'Canonical Ltd. Secure Boot Signing (2019): c0746fd6c5da3ae827864651ad66ae47fe24b3e8'
[    1.427361] Loaded X.509 cert 'Canonical Ltd. Secure Boot Signing (2021 v1): a8d54bbb3825cfb94fa13c9f8a594a195c107b8d'
[    1.434211] Loaded X.509 cert 'Canonical Ltd. Secure Boot Signing (2021 v2): 4cf046892d6fd3c9a5b03f98d845f90851dc6a8c'
[    1.441038] Loaded X.509 cert 'Canonical Ltd. Secure Boot Signing (2021 v3): 100437bb6de6e469b581e61cd66bce3ef4ed53af'
[    1.447585] Loaded X.509 cert 'Canonical Ltd. Secure Boot Signing (Ubuntu Core 2019): c1d57b8f6b743f23ee41f4f7ee292f06eecadfb9'
[    1.454813] zswap: loaded using pool lzo/zbud
[    1.467092] Key type big_key registered
[    1.469747] Key type trusted registered
[    1.475451] Key type encrypted registered
[    1.478114] AppArmor: AppArmor sha1 policy hashing enabled
[    1.481903] ima: No TPM chip found, activating TPM-bypass! (rc=-19)
[    1.485923] ima: Allocated hash algorithm: sha1
[    1.489060] evm: HMAC attrs: 0x1
[    1.491654]   Magic number: 4:79:103
[    1.494603] rtc_cmos rtc_cmos: setting system clock to 2024-04-27 00:07:23 UTC (1714176443)
[    1.500622] BIOS EDD facility v0.16 2004-Jun-25, 0 devices found
[    1.504461] EDD information not available.
[    1.509377] Freeing unused kernel image memory: 2480K
[    1.869138] Write protecting the kernel read-only data: 20480k
[    1.875594] Freeing unused kernel image memory: 2008K
[    1.879481] Freeing unused kernel image memory: 1820K
[    1.886252] x86/mm: Checked W+X mappings: passed, no W+X pages found.
Loading, please wait...
starting version 237
[    1.962698] Fusion MPT base driver 3.04.20
[    1.966407] Copyright (c) 1999-2008 LSI Corporation
[    1.977249] e1000: Intel(R) PRO/1000 Network Driver - version 7.3.21-k8-NAPI
[    1.983453] e1000: Copyright (c) 1999-2006 Intel Corporation.
[    1.989660] Fusion MPT SPI Host driver 3.04.20
[    2.010866] SSE version of gcm_enc/dec engaged.
[    2.217481] input: ImExPS/2 Generic Explorer Mouse as /devices/platform/i8042/serio1/input/input4
[    2.592793] e1000 0000:00:03.0 eth0: (PCI:33MHz:32-bit) 02:3b:7b:b7:3b:2d
[    2.598469] e1000 0000:00:03.0 eth0: Intel(R) PRO/1000 Network Connection
[    3.158468] e1000 0000:00:08.0 eth1: (PCI:33MHz:32-bit) 08:00:27:18:2d:74
[    3.163753] e1000 0000:00:08.0 eth1: Intel(R) PRO/1000 Network Connection
[    3.170831] e1000 0000:00:03.0 enp0s3: renamed from eth0
[    3.176449] mptbase: ioc0: Initiating bringup
[    3.180899] e1000 0000:00:08.0 enp0s8: renamed from eth1
[    3.563975] ioc0: LSI53C1030 A0: Capabilities={Initiator}
[    4.017602] scsi host2: ioc0: LSI53C1030 A0, FwRev=00000000h, Ports=1, MaxQ=256, IRQ=20
[    4.285358] scsi 2:0:0:0: Direct-Access     VBOX     HARDDISK         1.0  PQ: 0 ANSI: 5
[    4.324513] scsi target2:0:0: Beginning Domain Validation
[    4.339137] scsi target2:0:0: Domain Validation skipping write tests
[    4.344844] scsi target2:0:0: Ending Domain Validation
[    4.348962] scsi target2:0:0: asynchronous
[    4.354642] scsi 2:0:1:0: Direct-Access     VBOX     HARDDISK         1.0  PQ: 0 ANSI: 5
[    4.392196] scsi target2:0:1: Beginning Domain Validation
[    4.402861] scsi target2:0:1: Domain Validation skipping write tests
[    4.407184] scsi target2:0:1: Ending Domain Validation
[    4.411181] scsi target2:0:1: asynchronous
[    4.423811] sd 2:0:0:0: Attached scsi generic sg0 type 0
[    4.424901] sd 2:0:0:0: [sda] 83886080 512-byte logical blocks: (42.9 GB/40.0 GiB)
[    4.428900] sd 2:0:1:0: Attached scsi generic sg1 type 0
[    4.434959] sd 2:0:1:0: [sdb] 20480 512-byte logical blocks: (10.5 MB/10.0 MiB)
[    4.443053] sd 2:0:0:0: [sda] Write Protect is off
[    4.446960] sd 2:0:1:0: [sdb] Write Protect is off
[    4.447427] sd 2:0:0:0: [sda] Incomplete mode parameter data
[    4.455046] sd 2:0:0:0: [sda] Assuming drive cache: write through
[    4.459554] sd 2:0:1:0: [sdb] Incomplete mode parameter data
[    4.463662] sd 2:0:1:0: [sdb] Assuming drive cache: write through
[    4.475035]  sda: sda1
[    4.480070] sd 2:0:0:0: [sda] Attached SCSI disk
[    4.484207] sd 2:0:1:0: [sdb] Attached SCSI disk
Begin: Loading essential drivers ... 